I'm sorry, but errors were detected in your script. Please correct the
errors listed below, and try again.


File "game/script.rpy", line 21: expected statement.
    window main_menu
          ^

Ren'Py Version: Ren'Py 8.3.3.24111502
Wed Mar  5 01:57:52 2025
